
Memory Configuration

Name             Origin             Length             Attributes
FLASH            0x08000000         0x00020000         xr
SRAM             0x20000000         0x00018000         xrw
*default*        0x00000000         0xffffffff

Linker script and memory map


.text           0x08000000      0x950
 *(.isr_vector)
 .isr_vector    0x08000000      0x150 ../output/stm32f1xx_startup.o
                0x08000000                vectors
 *(.text)
 .text          0x08000150       0x88 ../output/stm32f1xx_startup.o
                0x08000150                Reset_Handler
                0x080001d0                SVCall_Handler
                0x080001d0                HardFault_Handler
                0x080001d0                SysTick_Handler
                0x080001d0                USART3_Handler
                0x080001d0                DMA1_Channel7_Handler
                0x080001d0                NMI_Handler
                0x080001d0                DMA1_Channel6_Handler
                0x080001d0                DMA2_Channel5_Handler
                0x080001d0                CAN1_RX1_Handler
                0x080001d0                EXTI15_10_Handler
                0x080001d0                DMA2_Channel1_Handler
                0x080001d0                I2C1_EV_Handler
                0x080001d0                RTCAlam_Handler
                0x080001d0                ADC1_2_Handler
                0x080001d0                WWDG_Handler
                0x080001d0                EXTI4_Handler
                0x080001d0                DMA2_Channel4_Handler
                0x080001d0                DMA1_Channel1_Handler
                0x080001d0                PenSV_Handler
                0x080001d0                OTG_FS_Handler
                0x080001d0                ETH_WKUP_Handler
                0x080001d0                I2C1_ER_Handler
                0x080001d0                RTC_Handler
                0x080001d0                UsageFault_Handler
                0x080001d0                CAN1_RX0_Handler
                0x080001d0                TIM1_CC_Handler
                0x080001d0                I2C2_ER_Handler
                0x080001d0                CAN1_SCE_Handler
                0x080001d0                TIM1_BRK_Handler
                0x080001d0                EXTI1_Handler
                0x080001d0                FLASH_Handler
                0x080001d0                EXTI3_Handler
                0x080001d0                EXTI2_Handler
                0x080001d0                UART4_Handler
                0x080001d0                CAN2_RX1_Handler
                0x080001d0                EXTI9_5_Handler
                0x080001d0                TIM2_Handler
                0x080001d0                USART1_Handler
                0x080001d0                CAN2_SCE_Handler
                0x080001d0                DMA1_Channel4_Handler
                0x080001d0                TIM3_Handler
                0x080001d0                Default_Handler
                0x080001d0                DMA1_Channel3_Handler
                0x080001d0                TIM4_Handler
                0x080001d0                CAN2_TX_Handler
                0x080001d0                SPI2_Handler
                0x080001d0                DMA1_Channel2_Handler
                0x080001d0                MemManage_Handler
                0x080001d0                EXTI0_Handler
                0x080001d0                CAN2_RX0_Handler
                0x080001d0                TIM1_UP_Handler
                0x080001d0                DMA1_Channel5_Handler
                0x080001d0                USART2_Handler
                0x080001d0                ETH_Handler
                0x080001d0                SPI1_Handler
                0x080001d0                I2C2_EV_Handler
                0x080001d0                SPI3_Handler
                0x080001d0                DMA2_Channel3_Handler
                0x080001d0                RCC_Handler
                0x080001d0                PVD_Handler
                0x080001d0                UART5_Handler
                0x080001d0                DMA2_Channel2_Handler
                0x080001d0                TIM5_Handler
                0x080001d0                TIM7_Handler
                0x080001d0                CAN1_TX_Handler
                0x080001d0                BusFault_Handler
                0x080001d0                TIM6_Handler
                0x080001d0                DebugMonitor_Handler
                0x080001d0                TIM1_TRG_COM_Handler
                0x080001d0                OTG_FS_WKUP_Handler
                0x080001d0                TAMPER_Handler
 .text          0x080001d8       0x5c ../output/main.o
                0x080001d8                delay
                0x08000204                main
 .text          0x08000234      0x71c ../output/stm32f103xx_gpio_driver.o
                0x08000234                GPIO_PeriCockControl
                0x080003a4                GPIO_Init
                0x080005c8                GPIO_DeInit
                0x080006e8                GPIO_ReadFromInputPin
                0x08000712                GPIO_ReadFromInputPort
                0x0800072c                GPIO_WriteToOuputPin
                0x08000774                GPIO_WriteToOutputPort
                0x08000790                GPIO_ToggleOutputPin
                0x080007b8                GPIO_IRQInterruptConfig
                0x080008c0                GPIO_IRQPriorityConfig
                0x08000912                GPIO_ISRHandling
 *(.text.*)
 *(.rodata)
 *(.rodata.*)
                0x08000950                . = ALIGN (0x4)
                0x08000950                _etext = .
                0x08000950                _la_data = LOADADDR (.data)

.glue_7         0x08000950        0x0
 .glue_7        0x08000950        0x0 linker stubs

.glue_7t        0x08000950        0x0
 .glue_7t       0x08000950        0x0 linker stubs

.vfp11_veneer   0x08000950        0x0
 .vfp11_veneer  0x08000950        0x0 linker stubs

.v4_bx          0x08000950        0x0
 .v4_bx         0x08000950        0x0 linker stubs

.iplt           0x08000950        0x0
 .iplt          0x08000950        0x0 ../output/stm32f1xx_startup.o

.rel.dyn        0x08000950        0x0
 .rel.iplt      0x08000950        0x0 ../output/stm32f1xx_startup.o

.data           0x20000000        0x0 load address 0x08000950
                0x20000000                _sdata = .
 *(.data)
 .data          0x20000000        0x0 ../output/stm32f1xx_startup.o
 .data          0x20000000        0x0 ../output/main.o
 .data          0x20000000        0x0 ../output/stm32f103xx_gpio_driver.o
 *(.data.*)
                0x20000000                . = ALIGN (0x4)
                0x20000000                _edata = .

.igot.plt       0x20000000        0x0 load address 0x08000950
 .igot.plt      0x20000000        0x0 ../output/stm32f1xx_startup.o

.bss            0x20000000        0x0 load address 0x08000950
                0x20000000                _sbss = .
 *(.bss)
 .bss           0x20000000        0x0 ../output/stm32f1xx_startup.o
 .bss           0x20000000        0x0 ../output/main.o
 .bss           0x20000000        0x0 ../output/stm32f103xx_gpio_driver.o
 *(.bss.*)
 *(.COMMON)
                0x20000000                . = ALIGN (0x4)
                0x20000000                _ebss = .
LOAD ../output/stm32f1xx_startup.o
LOAD ../output/main.o
LOAD ../output/stm32f103xx_gpio_driver.o
OUTPUT(../output/gpio.elf elf32-littlearm)
LOAD linker stubs

.debug_info     0x00000000      0x96f
 .debug_info    0x00000000      0x188 ../output/stm32f1xx_startup.o
 .debug_info    0x00000188      0x1fc ../output/main.o
 .debug_info    0x00000384      0x5eb ../output/stm32f103xx_gpio_driver.o

.debug_abbrev   0x00000000      0x2f8
 .debug_abbrev  0x00000000       0xe6 ../output/stm32f1xx_startup.o
 .debug_abbrev  0x000000e6       0xeb ../output/main.o
 .debug_abbrev  0x000001d1      0x127 ../output/stm32f103xx_gpio_driver.o

.debug_aranges  0x00000000       0x60
 .debug_aranges
                0x00000000       0x20 ../output/stm32f1xx_startup.o
 .debug_aranges
                0x00000020       0x20 ../output/main.o
 .debug_aranges
                0x00000040       0x20 ../output/stm32f103xx_gpio_driver.o

.debug_line     0x00000000      0x737
 .debug_line    0x00000000      0x137 ../output/stm32f1xx_startup.o
 .debug_line    0x00000137      0x135 ../output/main.o
 .debug_line    0x0000026c      0x4cb ../output/stm32f103xx_gpio_driver.o

.debug_str      0x00000000      0x423
 .debug_str     0x00000000      0x179 ../output/stm32f1xx_startup.o
                                0x1be (size before relaxing)
 .debug_str     0x00000179       0xb0 ../output/main.o
                                0x1fc (size before relaxing)
 .debug_str     0x00000229      0x1fa ../output/stm32f103xx_gpio_driver.o
                                0x3df (size before relaxing)

.comment        0x00000000       0x49
 .comment       0x00000000       0x49 ../output/stm32f1xx_startup.o
                                 0x4a (size before relaxing)
 .comment       0x00000049       0x4a ../output/main.o
 .comment       0x00000049       0x4a ../output/stm32f103xx_gpio_driver.o

.ARM.attributes
                0x00000000       0x2d
 .ARM.attributes
                0x00000000       0x2d ../output/stm32f1xx_startup.o
 .ARM.attributes
                0x0000002d       0x2d ../output/main.o
 .ARM.attributes
                0x0000005a       0x2d ../output/stm32f103xx_gpio_driver.o

.debug_frame    0x00000000      0x26c
 .debug_frame   0x00000000       0x4c ../output/stm32f1xx_startup.o
 .debug_frame   0x0000004c       0x58 ../output/main.o
 .debug_frame   0x000000a4      0x1c8 ../output/stm32f103xx_gpio_driver.o
